MPLINK 4.51, LINKER
Linker Map File - Created Tue Dec 03 17:38:44 2013

                                 Section Info
                  Section       Type    Address   Location Size(Bytes)
                ---------  ---------  ---------  ---------  ---------
                   .org_0       code   0x000000    program   0x000078
     .config_2007_CLOCK.O       code   0x002007    program   0x000002



                              Program Memory Usage 
                               Start         End      
                           ---------   ---------      
                            0x000000    0x00003b      
                            0x002007    0x002007      
            61 out of 1094 program addresses used, program memory utilization is 5%



                              Symbols - Sorted by Name
                     Name    Address   Location    Storage File                     
                ---------  ---------  ---------  --------- ---------                
              BLOCK1RESET   0x00002f    program     static C:\Users\Chris\Google Drive\Documents\Lancaster University\year 3\SCC369 - Embedded Systems\Code\Clock.X\src\Clock.asm
                    CLOCK   0x000020    program     static C:\Users\Chris\Google Drive\Documents\Lancaster University\year 3\SCC369 - Embedded Systems\Code\Clock.X\src\Clock.asm
                INCBLOCK1   0x000029    program     static C:\Users\Chris\Google Drive\Documents\Lancaster University\year 3\SCC369 - Embedded Systems\Code\Clock.X\src\Clock.asm
                     INIT   0x000000    program     static C:\Users\Chris\Google Drive\Documents\Lancaster University\year 3\SCC369 - Embedded Systems\Code\Clock.X\src\Clock.asm
                    LOOP1   0x000036    program     static C:\Users\Chris\Google Drive\Documents\Lancaster University\year 3\SCC369 - Embedded Systems\Code\Clock.X\src\Clock.asm
                    LOOP2   0x000039    program     static C:\Users\Chris\Google Drive\Documents\Lancaster University\year 3\SCC369 - Embedded Systems\Code\Clock.X\src\Clock.asm
                     MAIN   0x000020    program     static C:\Users\Chris\Google Drive\Documents\Lancaster University\year 3\SCC369 - Embedded Systems\Code\Clock.X\src\Clock.asm
                     WAIT   0x000032    program     static C:\Users\Chris\Google Drive\Documents\Lancaster University\year 3\SCC369 - Embedded Systems\Code\Clock.X\src\Clock.asm



                              Symbols - Sorted by Address
                     Name    Address   Location    Storage File                     
                ---------  ---------  ---------  --------- ---------                
                     INIT   0x000000    program     static C:\Users\Chris\Google Drive\Documents\Lancaster University\year 3\SCC369 - Embedded Systems\Code\Clock.X\src\Clock.asm
                    CLOCK   0x000020    program     static C:\Users\Chris\Google Drive\Documents\Lancaster University\year 3\SCC369 - Embedded Systems\Code\Clock.X\src\Clock.asm
                     MAIN   0x000020    program     static C:\Users\Chris\Google Drive\Documents\Lancaster University\year 3\SCC369 - Embedded Systems\Code\Clock.X\src\Clock.asm
                INCBLOCK1   0x000029    program     static C:\Users\Chris\Google Drive\Documents\Lancaster University\year 3\SCC369 - Embedded Systems\Code\Clock.X\src\Clock.asm
              BLOCK1RESET   0x00002f    program     static C:\Users\Chris\Google Drive\Documents\Lancaster University\year 3\SCC369 - Embedded Systems\Code\Clock.X\src\Clock.asm
                     WAIT   0x000032    program     static C:\Users\Chris\Google Drive\Documents\Lancaster University\year 3\SCC369 - Embedded Systems\Code\Clock.X\src\Clock.asm
                    LOOP1   0x000036    program     static C:\Users\Chris\Google Drive\Documents\Lancaster University\year 3\SCC369 - Embedded Systems\Code\Clock.X\src\Clock.asm
                    LOOP2   0x000039    program     static C:\Users\Chris\Google Drive\Documents\Lancaster University\year 3\SCC369 - Embedded Systems\Code\Clock.X\src\Clock.asm


